Pruebas de Camino mas corto: Qatar, Rusia y el Mundo!-
	1-
		OK	

	2-
		OK


	3-
		OK

	4- 	
		OK

itinerario-
	qatar-
		OK

	volumen-
		OK


viaje-
	sin viaje posible-

		Error: No deberia haberse encontrado viaje en esta prueba
        	Comandos de la prueba:
               	 viaje Fuwayrit, m1.kml

	qatar-
		OK
	
	rusia-
		OK

	mundo-
		RecursionError: maximum recursion depth exceeded while calling a Python object
        Se esperaba alguna salida pero no se escribió nada por salida estándar

reduccion-
	qatar-
		OK
	
	volumen(mundo)-
		OK

